<?xml version="1.0" encoding="utf-8"?><testsuites name="pytest tests"><testsuite name="pytest" errors="0" failures="0" skipped="0" tests="11" time="0.036" timestamp="2026-07-07T14:33:28.444338+05:30" hostname="Niranjan"><testcase classname="tests.test_generated_api_cases" name="test_verify_api_health_endpoint_returns_success" time="0.001" /><testcase classname="tests.test_generated_api_cases" name="test_verify_unauthorized_api_request_is_rejected" time="0.001" /><testcase classname="tests.test_generated_api_cases" name="test_verify_required_field_validation" time="0.000" /><testcase classname="tests.test_generated_api_cases" name="test_verify_invalid_field_type_validation" time="0.000" /><testcase classname="tests.test_generated_api_cases" name="test_verify_pagination_response_shape" time="0.000" /><testcase classname="tests.test_generated_api_cases" name="test_verify_idempotent_retry_behavior" time="0.000" /><testcase classname="tests.test_generated_api_cases" name="test_verify_rate_limit_response_handling" time="0.000" /><testcase classname="tests.test_generated_api_cases" name="test_verify_audit_correlation_id_is_returned" time="0.000" /><testcase classname="tests.test_generated_api_cases" name="test_verify_report_artifact_metadata" time="0.000" /><testcase classname="tests.test_generated_api_cases" name="test_verify_failed_execution_blocks_publishing" time="0.000" /><testcase classname="tests.test_generated_api_cases" name="test_all_generated_testcases_have_automation" time="0.000" /></testsuite></testsuites>